2026-08-19T15:00:17.4924205Z Current runner version: '2.336.0'
2026-08-19T15:00:17.4963035Z ##[group]Runner Image Provisioner
2026-08-19T15:00:17.4964547Z Hosted Compute Agent
2026-08-19T15:00:17.4965514Z Version: 20260729.566
2026-08-19T15:00:17.4966561Z Commit: cf7153fe6e25b664e8693c24944bf2b00355d109
2026-08-19T15:00:17.4967949Z Build Date: 2026-07-29T19:17:02Z
2026-08-19T15:00:17.4969047Z Worker ID: {eb7aff8a-728c-4682-b10a-46a721e59afb}
2026-08-19T15:00:17.4970271Z Azure Region: eastus
2026-08-19T15:00:17.4971173Z ##[endgroup]
2026-08-19T15:00:17.4973850Z ##[group]Operating System
2026-08-19T15:00:17.4975055Z Ubuntu
2026-08-19T15:00:17.4975902Z 24.04.4
2026-08-19T15:00:17.4976778Z LTS
2026-08-19T15:00:17.4977616Z ##[endgroup]
2026-08-19T15:00:17.4978484Z ##[group]Runner Image
2026-08-19T15:00:17.4979713Z Image: ubuntu-24.04
2026-08-19T15:00:17.4980702Z Version: 20260816.277.1
2026-08-19T15:00:17.4983150Z Included Software: https://github.com/actions/runner-images/blob/ubuntu24/20260816.277/images/ubuntu/Ubuntu2404-Readme.md
2026-08-19T15:00:17.4985745Z Image Release: https://github.com/actions/runner-images/releases/tag/ubuntu24%2F20260816.277
2026-08-19T15:00:17.4987548Z ##[endgroup]
2026-08-19T15:00:17.4989271Z ##[group]GITHUB_TOKEN Permissions
2026-08-19T15:00:17.4992737Z Contents: read
2026-08-19T15:00:17.4993669Z Metadata: read
2026-08-19T15:00:17.4994695Z ##[endgroup]
2026-08-19T15:00:17.4998044Z Secret source: Actions
2026-08-19T15:00:17.5000109Z Prepare workflow directory
2026-08-19T15:00:17.5594994Z Prepare all required actions
2026-08-19T15:00:17.5662548Z Getting action download info
2026-08-19T15:00:17.7776710Z Download action repository 'actions/checkout@11d5960a326750d5838078e36cf38b85af677262' (SHA:11d5960a326750d5838078e36cf38b85af677262)
2026-08-19T15:00:17.9313369Z Download action repository 'actions/setup-node@49933ea5288caeca8642d1e84afbd3f7d6820020' (SHA:49933ea5288caeca8642d1e84afbd3f7d6820020)
2026-08-19T15:00:18.0409298Z Download action repository 'pnpm/action-setup@b906affcce14559ad1aafd4ab0e942779e9f58b1' (SHA:b906affcce14559ad1aafd4ab0e942779e9f58b1)
2026-08-19T15:00:18.2887282Z Download action repository 'actions/cache@0057852bfaa89a56745cba8c7296529d2fc39830' (SHA:0057852bfaa89a56745cba8c7296529d2fc39830)
2026-08-19T15:00:18.4049159Z Download action repository 'actions/upload-artifact@ea165f8d65b6e75b540449e92b4886f43607fa02' (SHA:ea165f8d65b6e75b540449e92b4886f43607fa02)
2026-08-19T15:00:18.6929022Z Complete job name: Exact-SHA HubSpot Storybook visual gate
2026-08-19T15:00:18.7558144Z ##[group]Checking docker version
2026-08-19T15:00:18.7571706Z ##[command]/usr/bin/docker version --format '{{.Server.APIVersion}}'
2026-08-19T15:00:18.8481475Z '1.48'
2026-08-19T15:00:18.8498845Z Docker daemon API version: '1.48'
2026-08-19T15:00:18.8499709Z ##[command]/usr/bin/docker version --format '{{.Client.APIVersion}}'
2026-08-19T15:00:18.8691962Z '1.48'
2026-08-19T15:00:18.8707344Z Docker client API version: '1.48'
2026-08-19T15:00:18.8715676Z ##[endgroup]
2026-08-19T15:00:18.8719538Z ##[group]Clean up resources from previous jobs
2026-08-19T15:00:18.8726552Z ##[command]/usr/bin/docker ps --all --quiet --no-trunc --filter "label=a4c528"
2026-08-19T15:00:18.8895244Z ##[command]/usr/bin/docker network prune --force --filter "label=a4c528"
2026-08-19T15:00:18.9046478Z ##[endgroup]
2026-08-19T15:00:18.9047099Z ##[group]Create local container network
2026-08-19T15:00:18.9057876Z ##[command]/usr/bin/docker network create --label a4c528 github_network_59ad177e31784a6db67ce68090fe78c1
2026-08-19T15:00:18.9751036Z 25750d15414c383b6b4cea29c9b5c2f5898db29c7f283e9dcdd525fef5948732
2026-08-19T15:00:18.9769601Z ##[endgroup]
2026-08-19T15:00:18.9794537Z ##[group]Starting job container
2026-08-19T15:00:18.9816187Z ##[command]/usr/bin/docker pull mcr.microsoft.com/playwright:v1.59.1-noble@sha256:b0ab6f3cb99aa7803adbc14d9027ec1785fc6e433b97e134e0f8fe61683b6b53
2026-08-19T15:00:19.0895633Z mcr.microsoft.com/playwright@sha256:b0ab6f3cb99aa7803adbc14d9027ec1785fc6e433b97e134e0f8fe61683b6b53: Pulling from playwright
2026-08-19T15:00:19.1321668Z 18dbadc1f2f9: Pulling fs layer
2026-08-19T15:00:19.1323600Z 0087bd18691f: Pulling fs layer
2026-08-19T15:00:19.1324376Z b59ffadf3f32: Pulling fs layer
2026-08-19T15:00:19.1325866Z 824c9c26fa20: Pulling fs layer
2026-08-19T15:00:19.1326675Z 824c9c26fa20: Waiting
2026-08-19T15:00:19.2316399Z b59ffadf3f32: Verifying Checksum
2026-08-19T15:00:19.2319485Z b59ffadf3f32: Download complete
2026-08-19T15:00:19.3273105Z 18dbadc1f2f9: Verifying Checksum
2026-08-19T15:00:19.3274511Z 18dbadc1f2f9: Download complete
2026-08-19T15:00:19.7738789Z 0087bd18691f: Verifying Checksum
2026-08-19T15:00:21.7400360Z 0087bd18691f: Download complete
2026-08-19T15:00:21.7401614Z 18dbadc1f2f9: Pull complete
2026-08-19T15:00:23.1992696Z 824c9c26fa20: Verifying Checksum
2026-08-19T15:00:23.2036149Z 824c9c26fa20: Download complete
2026-08-19T15:00:30.6363891Z 0087bd18691f: Pull complete
2026-08-19T15:00:30.6620804Z b59ffadf3f32: Pull complete
2026-08-19T15:00:50.8816075Z 824c9c26fa20: Pull complete
2026-08-19T15:00:50.8866180Z Digest: sha256:b0ab6f3cb99aa7803adbc14d9027ec1785fc6e433b97e134e0f8fe61683b6b53
2026-08-19T15:00:50.8875494Z Status: Downloaded newer image for mcr.microsoft.com/playwright@sha256:b0ab6f3cb99aa7803adbc14d9027ec1785fc6e433b97e134e0f8fe61683b6b53
2026-08-19T15:00:50.8892842Z mcr.microsoft.com/playwright:v1.59.1-noble@sha256:b0ab6f3cb99aa7803adbc14d9027ec1785fc6e433b97e134e0f8fe61683b6b53
2026-08-19T15:00:50.9000196Z ##[command]/usr/bin/docker create --name 97d536a5ca3d4603854592c44edcf063_mcrmicrosoftcomplaywrightv1591noblesha256b0ab6f3cb99aa7803adbc14d9027ec1785fc6e433b97e134e0f8fe61683b6b53_62faa4 --label a4c528 --workdir /__w/web-platform/web-platform --network github_network_59ad177e31784a6db67ce68090fe78c1  -e "HOME=/github/home" -e GITHUB_ACTIONS=true -e CI=true -v "/var/run/docker.sock":"/var/run/docker.sock" -v "/home/runner/work":"/__w" -v "/home/runner/actions-runner/cached/2.336.0/externals":"/__e":ro -v "/home/runner/work/_temp":"/__w/_temp" -v "/home/runner/work/_actions":"/__w/_actions" -v "/opt/hostedtoolcache":"/__t" -v "/home/runner/work/_temp/_github_home":"/github/home" -v "/home/runner/work/_temp/_github_workflow":"/github/workflow" --entrypoint "tail" mcr.microsoft.com/playwright:v1.59.1-noble@sha256:b0ab6f3cb99aa7803adbc14d9027ec1785fc6e433b97e134e0f8fe61683b6b53 "-f" "/dev/null"
2026-08-19T15:00:50.9339548Z 7f3d8227e5ce8c9fe95c27314ce68a96668e1d135c94d2319ee1be635dbc6bfd
2026-08-19T15:00:50.9367109Z ##[command]/usr/bin/docker start 7f3d8227e5ce8c9fe95c27314ce68a96668e1d135c94d2319ee1be635dbc6bfd
2026-08-19T15:00:51.1758654Z 7f3d8227e5ce8c9fe95c27314ce68a96668e1d135c94d2319ee1be635dbc6bfd
2026-08-19T15:00:51.1784324Z ##[command]/usr/bin/docker ps --all --filter id=7f3d8227e5ce8c9fe95c27314ce68a96668e1d135c94d2319ee1be635dbc6bfd --filter status=running --no-trunc --format "{{.ID}} {{.Status}}"
2026-08-19T15:00:51.1927197Z 7f3d8227e5ce8c9fe95c27314ce68a96668e1d135c94d2319ee1be635dbc6bfd Up Less than a second
2026-08-19T15:00:51.1949293Z ##[command]/usr/bin/docker inspect --format "{{range .Config.Env}}{{println .}}{{end}}" 7f3d8227e5ce8c9fe95c27314ce68a96668e1d135c94d2319ee1be635dbc6bfd
2026-08-19T15:00:51.2092585Z HOME=/github/home
2026-08-19T15:00:51.2093490Z GITHUB_ACTIONS=true
2026-08-19T15:00:51.2094141Z CI=true
2026-08-19T15:00:51.2094829Z PATH=/usr/local/sbin:/usr/local/bin:/usr/sbin:/usr/bin:/sbin:/bin
2026-08-19T15:00:51.2095548Z LANG=C.UTF-8
2026-08-19T15:00:51.2096153Z LC_ALL=C.UTF-8
2026-08-19T15:00:51.2096708Z PLAYWRIGHT_BROWSERS_PATH=/ms-playwright
2026-08-19T15:00:51.2116401Z ##[endgroup]
2026-08-19T15:00:51.2126252Z ##[group]Waiting for all services to be ready
2026-08-19T15:00:51.2128193Z ##[endgroup]
2026-08-19T15:00:51.2448982Z Node 20 is being deprecated. This workflow is running with Node 24 by default. If you need to temporarily use Node 20, you can set the ACTIONS_ALLOW_USE_UNSECURE_NODE_VERSION=true environment variable. For more information see: https://github.blog/changelog/2025-09-19-deprecation-of-node-20-on-github-actions-runners/
2026-08-19T15:00:51.2457051Z ##[group]Run actions/checkout@11d5960a326750d5838078e36cf38b85af677262
2026-08-19T15:00:51.2457940Z with:
2026-08-19T15:00:51.2458223Z   ref: 8582652e6f4f73191389360e2a77529d46a73bc9
2026-08-19T15:00:51.2458555Z   path: workflow-host
2026-08-19T15:00:51.2458826Z   fetch-depth: 1
2026-08-19T15:00:51.2459071Z   persist-credentials: false
2026-08-19T15:00:51.2459363Z   repository: stayinsured/web-platform
2026-08-19T15:00:51.2461852Z   token: ***
2026-08-19T15:00:51.2462092Z   ssh-strict: true
2026-08-19T15:00:51.2462508Z   ssh-user: git
2026-08-19T15:00:51.2462729Z   clean: true
2026-08-19T15:00:51.2462978Z   sparse-checkout-cone-mode: true
2026-08-19T15:00:51.2463320Z   fetch-tags: false
2026-08-19T15:00:51.2463557Z   show-progress: true
2026-08-19T15:00:51.2463787Z   lfs: false
2026-08-19T15:00:51.2463996Z   submodules: false
2026-08-19T15:00:51.2464230Z   set-safe-directory: true
2026-08-19T15:00:51.2464499Z   allow-unsafe-pr-checkout: false
2026-08-19T15:00:51.2464980Z ##[endgroup]
2026-08-19T15:00:51.2529597Z ##[command]/usr/bin/docker exec  7f3d8227e5ce8c9fe95c27314ce68a96668e1d135c94d2319ee1be635dbc6bfd sh -c "cat /etc/*release | grep ^ID"
2026-08-19T15:00:51.4983590Z Syncing repository: stayinsured/web-platform
2026-08-19T15:00:51.4985676Z ##[group]Getting Git version info
2026-08-19T15:00:51.4986338Z Working directory is '/__w/web-platform/web-platform/workflow-host'
2026-08-19T15:00:51.4987297Z [command]/usr/bin/git version
2026-08-19T15:00:51.4987738Z git version 2.43.0
2026-08-19T15:00:51.4989119Z ##[endgroup]
2026-08-19T15:00:51.5010123Z Temporarily overriding HOME='/__w/_temp/27496d2b-5b31-4197-8cb0-d9f14e0130a6' before making global git config changes
2026-08-19T15:00:51.5011390Z Adding repository directory to the temporary git global config as a safe directory
2026-08-19T15:00:51.5013031Z [command]/usr/bin/git config --global --add safe.directory /__w/web-platform/web-platform/workflow-host
2026-08-19T15:00:51.5014758Z ##[group]Initializing the repository
2026-08-19T15:00:51.5015413Z [command]/usr/bin/git init /__w/web-platform/web-platform/workflow-host
2026-08-19T15:00:51.5067744Z hint: Using 'master' as the name for the initial branch. This default branch name
2026-08-19T15:00:51.5081925Z hint: is subject to change. To configure the initial branch name to use in all
2026-08-19T15:00:51.5093235Z hint: of your new repositories, which will suppress this warning, call:
2026-08-19T15:00:51.5093872Z hint: 
2026-08-19T15:00:51.5094332Z hint: 	git config --global init.defaultBranch <name>
2026-08-19T15:00:51.5094874Z hint: 
2026-08-19T15:00:51.5095371Z hint: Names commonly chosen instead of 'master' are 'main', 'trunk' and
2026-08-19T15:00:51.5096197Z hint: 'development'. The just-created branch can be renamed via this command:
2026-08-19T15:00:51.5096813Z hint: 
2026-08-19T15:00:51.5097163Z hint: 	git branch -m <name>
2026-08-19T15:00:51.5097837Z Initialized empty Git repository in /__w/web-platform/web-platform/workflow-host/.git/
2026-08-19T15:00:51.5104607Z [command]/usr/bin/git remote add origin https://github.com/stayinsured/web-platform
2026-08-19T15:00:51.5194093Z ##[endgroup]
2026-08-19T15:00:51.5214122Z ##[group]Disabling automatic garbage collection
2026-08-19T15:00:51.5233240Z [command]/usr/bin/git config --local gc.auto 0
2026-08-19T15:00:51.5283411Z ##[endgroup]
2026-08-19T15:00:51.5303533Z ##[group]Setting up auth
2026-08-19T15:00:51.5333441Z [command]/usr/bin/git config --local --name-only --get-regexp core\.sshCommand
2026-08-19T15:00:51.5373853Z [command]/usr/bin/git submodule foreach --recursive sh -c "git config --local --name-only --get-regexp 'core\.sshCommand' && git config --local --unset-all 'core.sshCommand' || :"
2026-08-19T15:00:51.5631404Z [command]/usr/bin/git config --local --name-only --get-regexp http\.https\:\/\/github\.com\/\.extraheader
2026-08-19T15:00:51.5676282Z [command]/usr/bin/git submodule foreach --recursive sh -c "git config --local --name-only --get-regexp 'http\.https\:\/\/github\.com\/\.extraheader' && git config --local --unset-all 'http.https://github.com/.extraheader' || :"
2026-08-19T15:00:51.6078614Z [command]/usr/bin/git config --local --name-only --get-regexp ^includeIf\.gitdir:
2026-08-19T15:00:51.6149472Z [command]/usr/bin/git submodule foreach --recursive git config --local --show-origin --name-only --get-regexp remote.origin.url
2026-08-19T15:00:51.6514715Z [command]/usr/bin/git config --local http.https://github.com/.extraheader AUTHORIZATION: basic ***
2026-08-19T15:00:51.6584852Z ##[endgroup]
2026-08-19T15:00:51.6585784Z ##[group]Fetching the repository
2026-08-19T15:00:51.6587538Z [command]/usr/bin/git -c protocol.version=2 fetch --no-tags --prune --no-recurse-submodules --depth=1 origin 8582652e6f4f73191389360e2a77529d46a73bc9
2026-08-19T15:00:53.3301715Z From https://github.com/stayinsured/web-platform
2026-08-19T15:00:53.3303610Z  * branch            8582652e6f4f73191389360e2a77529d46a73bc9 -> FETCH_HEAD
2026-08-19T15:00:53.3326041Z ##[endgroup]
2026-08-19T15:00:53.3329439Z ##[group]Determining the checkout info
2026-08-19T15:00:53.3330433Z ##[endgroup]
2026-08-19T15:00:53.3336559Z [command]/usr/bin/git sparse-checkout disable
2026-08-19T15:00:53.3386048Z [command]/usr/bin/git config --local --unset-all extensions.worktreeConfig
2026-08-19T15:00:53.3424902Z ##[group]Checking out the ref
2026-08-19T15:00:53.3429851Z [command]/usr/bin/git checkout --progress --force 8582652e6f4f73191389360e2a77529d46a73bc9
2026-08-19T15:00:53.7645896Z Note: switching to '8582652e6f4f73191389360e2a77529d46a73bc9'.
2026-08-19T15:00:53.7646926Z 
2026-08-19T15:00:53.7647924Z You are in 'detached HEAD' state. You can look around, make experimental
2026-08-19T15:00:53.7649030Z changes and commit them, and you can discard any commits you make in this
2026-08-19T15:00:53.7649979Z state without impacting any branches by switching back to a branch.
2026-08-19T15:00:53.7650618Z 
2026-08-19T15:00:53.7651229Z If you want to create a new branch to retain commits you create, you may
2026-08-19T15:00:53.7652185Z do so (now or later) by using -c with the switch command. Example:
2026-08-19T15:00:53.7656670Z 
2026-08-19T15:00:53.7657121Z   git switch -c <new-branch-name>
2026-08-19T15:00:53.7657637Z 
2026-08-19T15:00:53.7657987Z Or undo this operation with:
2026-08-19T15:00:53.7658451Z 
2026-08-19T15:00:53.7658793Z   git switch -
2026-08-19T15:00:53.7675745Z 
2026-08-19T15:00:53.7682253Z Turn off this advice by setting config variable advice.detachedHead to false
2026-08-19T15:00:53.7684614Z 
2026-08-19T15:00:53.7703290Z HEAD is now at 8582652 ci: freeze visual gate v2 objects
2026-08-19T15:00:53.7728237Z ##[endgroup]
2026-08-19T15:00:53.7773671Z [command]/usr/bin/git log -1 --format=%H
2026-08-19T15:00:53.7800598Z 8582652e6f4f73191389360e2a77529d46a73bc9
2026-08-19T15:00:53.7820794Z ##[group]Removing auth
2026-08-19T15:00:53.7827816Z [command]/usr/bin/git config --local --name-only --get-regexp core\.sshCommand
2026-08-19T15:00:53.7876677Z [command]/usr/bin/git submodule foreach --recursive sh -c "git config --local --name-only --get-regexp 'core\.sshCommand' && git config --local --unset-all 'core.sshCommand' || :"
2026-08-19T15:00:53.8165750Z [command]/usr/bin/git config --local --name-only --get-regexp http\.https\:\/\/github\.com\/\.extraheader
2026-08-19T15:00:53.8198690Z http.https://github.com/.extraheader
2026-08-19T15:00:53.8211748Z [command]/usr/bin/git config --local --unset-all http.https://github.com/.extraheader
2026-08-19T15:00:53.8265632Z [command]/usr/bin/git submodule foreach --recursive sh -c "git config --local --name-only --get-regexp 'http\.https\:\/\/github\.com\/\.extraheader' && git config --local --unset-all 'http.https://github.com/.extraheader' || :"
2026-08-19T15:00:53.8547947Z [command]/usr/bin/git config --local --name-only --get-regexp ^includeIf\.gitdir:
2026-08-19T15:00:53.8590001Z [command]/usr/bin/git submodule foreach --recursive git config --local --show-origin --name-only --get-regexp remote.origin.url
2026-08-19T15:00:53.8869750Z ##[endgroup]
2026-08-19T15:00:53.9127341Z ##[group]Run mkdir -p evidence
2026-08-19T15:00:53.9127737Z [36;1mmkdir -p evidence[0m
2026-08-19T15:00:53.9128303Z [36;1mhost_sha="$(git -C workflow-host rev-parse HEAD)"[0m
2026-08-19T15:00:53.9128748Z [36;1mhost_tree="$(git -C workflow-host rev-parse HEAD^{tree})"[0m
2026-08-19T15:00:53.9129192Z [36;1mhost_parent="$(git -C workflow-host rev-parse HEAD^)"[0m
2026-08-19T15:00:53.9129757Z [36;1mbinding_changed_paths="$(git -C workflow-host diff-tree --no-commit-id --name-only -r HEAD^ HEAD)"[0m
2026-08-19T15:00:53.9130465Z [36;1mworkflow_blob="$(git -C workflow-host rev-parse HEAD:.github/workflows/hs-visual-regression.yml)"[0m
2026-08-19T15:00:53.9131192Z [36;1mcontract_blob="$(git -C workflow-host rev-parse HEAD:.github/config/hs-visual-regression-contract.v2.json)"[0m
2026-08-19T15:00:53.9131921Z [36;1mcontroller_blob="$(git -C workflow-host rev-parse HEAD:scripts/hs-visual-regression-evidence.mjs)"[0m
2026-08-19T15:00:53.9133166Z [36;1mtest_blob="$(git -C workflow-host rev-parse HEAD:.github/workflows/hs-visual-regression.test.mjs)"[0m
2026-08-19T15:00:53.9133829Z [36;1mnode workflow-host/scripts/hs-visual-regression-evidence.mjs preflight \[0m
2026-08-19T15:00:53.9134444Z [36;1m  --contract workflow-host/.github/config/hs-visual-regression-contract.v2.json \[0m
2026-08-19T15:00:53.9134913Z [36;1m  --candidate-sha "$CANDIDATE_SHA" \[0m
2026-08-19T15:00:53.9135278Z [36;1m  --visual-gate-required "$VISUAL_GATE_REQUIRED" \[0m
2026-08-19T15:00:53.9135653Z [36;1m  --workflow-host-sha "$WORKFLOW_HOST_SHA" \[0m
2026-08-19T15:00:53.9136004Z [36;1m  --observed-workflow-host-sha "$host_sha" \[0m
2026-08-19T15:00:53.9136332Z [36;1m  --workflow-host-tree "$host_tree" \[0m
2026-08-19T15:00:53.9136669Z [36;1m  --workflow-host-parent "$host_parent" \[0m
2026-08-19T15:00:53.9137040Z [36;1m  --binding-changed-paths "$binding_changed_paths" \[0m
2026-08-19T15:00:53.9137396Z [36;1m  --workflow-blob "$workflow_blob" \[0m
2026-08-19T15:00:53.9137707Z [36;1m  --contract-blob "$contract_blob" \[0m
2026-08-19T15:00:53.9138017Z [36;1m  --controller-blob "$controller_blob" \[0m
2026-08-19T15:00:53.9138327Z [36;1m  --test-blob "$test_blob" \[0m
2026-08-19T15:00:53.9138619Z [36;1m  --run-attempt "$RUN_ATTEMPT" \[0m
2026-08-19T15:00:53.9139119Z [36;1m  --expected-manifest-sha d642f611542736a5d28bdd17d0a157dee96832ec46e20f8563ba77c4d0bf4627 \[0m
2026-08-19T15:00:53.9139639Z [36;1m  --out evidence/preflight.json[0m
2026-08-19T15:00:53.9143024Z shell: sh -e {0}
2026-08-19T15:00:53.9143271Z env:
2026-08-19T15:00:53.9143559Z   CANDIDATE_SHA: 7bdc3cbca394da29a7148b4ba6505826a360d07d
2026-08-19T15:00:53.9143920Z   VISUAL_GATE_REQUIRED: true
2026-08-19T15:00:53.9144242Z   WORKFLOW_HOST_SHA: 8582652e6f4f73191389360e2a77529d46a73bc9
2026-08-19T15:00:53.9144602Z   RUN_ATTEMPT: 1
2026-08-19T15:00:53.9144831Z ##[endgroup]
2026-08-19T15:00:53.9848001Z fatal: ambiguous argument 'HEAD^': unknown revision or path not in the working tree.
2026-08-19T15:00:53.9848973Z Use '--' to separate paths from revisions, like this:
2026-08-19T15:00:53.9849599Z 'git <command> [<revision>...] -- [<file>...]'
2026-08-19T15:00:53.9901513Z ##[error]Process completed with exit code 128.
2026-08-19T15:00:54.0049563Z ##[group]Run node workflow-host/scripts/hs-visual-regression-evidence.mjs scan --paths evidence,candidate/test-results,candidate/playwright-report --out evidence/credential-scan.json
2026-08-19T15:00:54.0050868Z [36;1mnode workflow-host/scripts/hs-visual-regression-evidence.mjs scan --paths evidence,candidate/test-results,candidate/playwright-report --out evidence/credential-scan.json[0m
2026-08-19T15:00:54.0051721Z shell: sh -e {0}
2026-08-19T15:00:54.0051943Z ##[endgroup]
2026-08-19T15:00:54.1073864Z ##[group]Run set +e
2026-08-19T15:00:54.1074167Z [36;1mset +e[0m
2026-08-19T15:00:54.1076833Z [36;1mnode workflow-host/scripts/hs-visual-regression-evidence.mjs finalize-run --contract workflow-host/.github/config/hs-visual-regression-contract.v2.json --preflight evidence/preflight.json --identity evidence/identity.json --runtime-attestation evidence/runtime-attestation.json --bound-results evidence/playwright-bound.json --candidate-gate evidence/candidate-gate.json --credential-scan evidence/credential-scan.json --run-id "$RUN_ID" --run-attempt "$RUN_ATTEMPT" --run-outcome "$RUN_OUTCOME" --started-at "$STARTED_AT" --completed-at "$COMPLETED_AT" --duration-ms "$DURATION_MS" --bind-status "$BIND_STATUS" --evaluation-status "$EVALUATION_STATUS" --candidate-enforce-status "$CANDIDATE_ENFORCE_STATUS" --out evidence/hs-visual-gate-run-evidence.json[0m
2026-08-19T15:00:54.1079743Z [36;1mstatus=$?[0m
2026-08-19T15:00:54.1079984Z [36;1mset -e[0m
2026-08-19T15:00:54.1080552Z [36;1mconclusion="$(node -p "JSON.parse(require('fs').readFileSync('evidence/hs-visual-gate-run-evidence.json')).conclusion")"[0m
2026-08-19T15:00:54.1081185Z [36;1msha256sum evidence/*.json > evidence/SHA256SUMS[0m
2026-08-19T15:00:54.1081589Z [36;1mecho "conclusion=$conclusion" >> "$GITHUB_OUTPUT"[0m
2026-08-19T15:00:54.1081967Z [36;1mecho "status=$status" >> "$GITHUB_OUTPUT"[0m
2026-08-19T15:00:54.1082283Z [36;1mexit "$status"[0m
2026-08-19T15:00:54.1082904Z shell: sh -e {0}
2026-08-19T15:00:54.1083167Z env:
2026-08-19T15:00:54.1083377Z   RUN_ID: 32267409007
2026-08-19T15:00:54.1083604Z   RUN_ATTEMPT: 1
2026-08-19T15:00:54.1083825Z   RUN_OUTCOME: not_run
2026-08-19T15:00:54.1084057Z   STARTED_AT: not_run
2026-08-19T15:00:54.1084282Z   COMPLETED_AT: not_run
2026-08-19T15:00:54.1084518Z   DURATION_MS: 0
2026-08-19T15:00:54.1084727Z   BIND_STATUS: 1
2026-08-19T15:00:54.1084949Z   EVALUATION_STATUS: 1
2026-08-19T15:00:54.1085184Z   CANDIDATE_ENFORCE_STATUS: 1
2026-08-19T15:00:54.1085435Z ##[endgroup]
2026-08-19T15:00:54.2291899Z Visual-gate finalization blocked by: retry_attempt, runtime_drift, stale_sha, unclassified, unclassified, unclassified, unclassified, unclassified, unclassified, unclassified, unclassified, unclassified, unclassified, wrong_manifest
2026-08-19T15:00:54.2831587Z ##[error]Process completed with exit code 1.
2026-08-19T15:00:54.2883343Z ##[group]Run node workflow-host/scripts/hs-visual-regression-evidence.mjs enforce-run --evidence evidence/hs-visual-gate-run-evidence.json
2026-08-19T15:00:54.2884395Z [36;1mnode workflow-host/scripts/hs-visual-regression-evidence.mjs enforce-run --evidence evidence/hs-visual-gate-run-evidence.json[0m
2026-08-19T15:00:54.2885103Z shell: sh -e {0}
2026-08-19T15:00:54.2885332Z ##[endgroup]
2026-08-19T15:00:54.3834026Z Visual gate blocked by: retry_attempt, runtime_drift, stale_sha, unclassified, unclassified, unclassified, unclassified, unclassified, unclassified, unclassified, unclassified, unclassified, unclassified, wrong_manifest
2026-08-19T15:00:54.3903516Z ##[error]Process completed with exit code 1.
2026-08-19T15:00:54.3984191Z Node 20 is being deprecated. This workflow is running with Node 24 by default. If you need to temporarily use Node 20, you can set the ACTIONS_ALLOW_USE_UNSECURE_NODE_VERSION=true environment variable. For more information see: https://github.blog/changelog/2025-09-19-deprecation-of-node-20-on-github-actions-runners/
2026-08-19T15:00:54.3985941Z ##[group]Run actions/upload-artifact@ea165f8d65b6e75b540449e92b4886f43607fa02
2026-08-19T15:00:54.3986368Z with:
2026-08-19T15:00:54.3986627Z   name: hs-visual-gate-failure-32267409007-1
2026-08-19T15:00:54.3986939Z   if-no-files-found: error
2026-08-19T15:00:54.3987192Z   retention-days: 30
2026-08-19T15:00:54.3987554Z   path: evidence/**
candidate/test-results/**
candidate/playwright-report/**

2026-08-19T15:00:54.3987953Z   compression-level: 6
2026-08-19T15:00:54.3988183Z   overwrite: false
2026-08-19T15:00:54.3988416Z   include-hidden-files: false
2026-08-19T15:00:54.3988670Z ##[endgroup]
2026-08-19T15:00:54.3993061Z ##[command]/usr/bin/docker exec  7f3d8227e5ce8c9fe95c27314ce68a96668e1d135c94d2319ee1be635dbc6bfd sh -c "cat /etc/*release | grep ^ID"
2026-08-19T15:00:54.8064734Z (node:288) [DEP0040] DeprecationWarning: The `punycode` module is deprecated. Please use a userland alternative instead.
2026-08-19T15:00:54.8093182Z (Use `node --trace-deprecation ...` to show where the warning was created)
2026-08-19T15:00:54.8374452Z Multiple search paths detected. Calculating the least common ancestor of all paths
2026-08-19T15:00:54.8443313Z The least common ancestor is /__w/web-platform/web-platform. This will be the root directory of the artifact
2026-08-19T15:00:54.8455299Z With the provided path, there will be 3 files uploaded
2026-08-19T15:00:54.8483270Z Artifact name is valid!
2026-08-19T15:00:54.8483789Z Root directory input is valid!
2026-08-19T15:00:55.0571939Z Beginning upload of artifact content to blob storage
2026-08-19T15:00:55.0803498Z (node:288) [DEP0169] DeprecationWarning: `url.parse()` behavior is not standardized and prone to errors that have security implications. Use the WHATWG URL API instead. CVEs are not issued for `url.parse()` vulnerabilities.
2026-08-19T15:00:55.1269082Z Uploaded bytes 1909
2026-08-19T15:00:55.1499328Z Finished uploading artifact content to blob storage!
2026-08-19T15:00:55.1501303Z SHA256 digest of uploaded artifact zip is b4c76980aa84c6aa4ba763bbb8d8e13c4b17e129790fb2631f33ad4af177de97
2026-08-19T15:00:55.1507815Z Finalizing artifact upload
2026-08-19T15:00:55.3783674Z Artifact hs-visual-gate-failure-32267409007-1.zip successfully finalized. Artifact ID 9370771556
2026-08-19T15:00:55.3804037Z Artifact hs-visual-gate-failure-32267409007-1 has been successfully uploaded! Final size is 1909 bytes. Artifact ID is 9370771556
2026-08-19T15:00:55.3824399Z Artifact download URL: https://github.com/stayinsured/web-platform/actions/runs/32267409007/artifacts/9370771556
2026-08-19T15:00:55.4094533Z Node 20 is being deprecated. This workflow is running with Node 24 by default. If you need to temporarily use Node 20, you can set the ACTIONS_ALLOW_USE_UNSECURE_NODE_VERSION=true environment variable. For more information see: https://github.blog/changelog/2025-09-19-deprecation-of-node-20-on-github-actions-runners/
2026-08-19T15:00:55.4095732Z Post job cleanup.
2026-08-19T15:00:55.4103694Z ##[command]/usr/bin/docker exec  7f3d8227e5ce8c9fe95c27314ce68a96668e1d135c94d2319ee1be635dbc6bfd sh -c "cat /etc/*release | grep ^ID"
2026-08-19T15:00:55.6261182Z [command]/usr/bin/git version
2026-08-19T15:00:55.6327806Z git version 2.43.0
2026-08-19T15:00:55.6379338Z Temporarily overriding HOME='/__w/_temp/7c7553ed-d751-46ee-a86c-a0edc09bbe54' before making global git config changes
2026-08-19T15:00:55.6387221Z Adding repository directory to the temporary git global config as a safe directory
2026-08-19T15:00:55.6403773Z [command]/usr/bin/git config --global --add safe.directory /__w/web-platform/web-platform/workflow-host
2026-08-19T15:00:55.6563289Z [command]/usr/bin/git config --local --name-only --get-regexp core\.sshCommand
2026-08-19T15:00:55.6764807Z [command]/usr/bin/git submodule foreach --recursive sh -c "git config --local --name-only --get-regexp 'core\.sshCommand' && git config --local --unset-all 'core.sshCommand' || :"
2026-08-19T15:00:55.7758410Z [command]/usr/bin/git config --local --name-only --get-regexp http\.https\:\/\/github\.com\/\.extraheader
2026-08-19T15:00:55.7805250Z [command]/usr/bin/git submodule foreach --recursive sh -c "git config --local --name-only --get-regexp 'http\.https\:\/\/github\.com\/\.extraheader' && git config --local --unset-all 'http.https://github.com/.extraheader' || :"
2026-08-19T15:00:55.8284117Z [command]/usr/bin/git config --local --name-only --get-regexp ^includeIf\.gitdir:
2026-08-19T15:00:55.8334021Z [command]/usr/bin/git submodule foreach --recursive git config --local --show-origin --name-only --get-regexp remote.origin.url
2026-08-19T15:00:55.8919944Z Stop and remove container: 97d536a5ca3d4603854592c44edcf063_mcrmicrosoftcomplaywrightv1591noblesha256b0ab6f3cb99aa7803adbc14d9027ec1785fc6e433b97e134e0f8fe61683b6b53_62faa4
2026-08-19T15:00:55.8925274Z ##[command]/usr/bin/docker rm --force 7f3d8227e5ce8c9fe95c27314ce68a96668e1d135c94d2319ee1be635dbc6bfd
2026-08-19T15:00:56.1917875Z 7f3d8227e5ce8c9fe95c27314ce68a96668e1d135c94d2319ee1be635dbc6bfd
2026-08-19T15:00:56.1954086Z Remove container network: github_network_59ad177e31784a6db67ce68090fe78c1
2026-08-19T15:00:56.1958370Z ##[command]/usr/bin/docker network rm github_network_59ad177e31784a6db67ce68090fe78c1
2026-08-19T15:00:56.2709743Z github_network_59ad177e31784a6db67ce68090fe78c1
2026-08-19T15:00:56.2784857Z Cleaning up orphan processes
2026-08-19T15:00:56.3146838Z ##[warning]Node.js 20 is deprecated. The following actions target Node.js 20 but are being forced to run on Node.js 24: actions/checkout@11d5960a326750d5838078e36cf38b85af677262, actions/upload-artifact@ea165f8d65b6e75b540449e92b4886f43607fa02. For more information see: https://github.blog/changelog/2025-09-19-deprecation-of-node-20-on-github-actions-runners/
