===== build-ui =====
npm warn Unknown project config "store-dir". This will stop working in the next major version of npm. See `npm help npmrc` for supported config options.

> @stayinsured/hubspot@0.0.0 build-ui /home/node/workspaces/.paperclip-runtime/runs/25baed69-bbe5-4ff0-bce7-7dad32d04e37/scratch/sta2175-rev6/packages/hubspot
> node scripts/build-ui.mjs

🔨 Building @ui-react (env: dev)...
npm warn Unknown env config "catalog". This will stop working in the next major version of npm. See `npm help npmrc` for supported config options.
npm warn Unknown env config "store-dir". This will stop working in the next major version of npm. See `npm help npmrc` for supported config options.
npm warn Unknown env config "verify-deps-before-run". This will stop working in the next major version of npm. See `npm help npmrc` for supported config options.
npm warn Unknown env config "_jsr-registry". This will stop working in the next major version of npm. See `npm help npmrc` for supported config options.

> @stayinsured/ui-react@0.0.2 build
> tsc -b && node build.js

🚀 Starting Build Process...
📦 Building Index...
npm warn Unknown env config "catalog". This will stop working in the next major version of npm. See `npm help npmrc` for supported config options.
npm warn Unknown env config "store-dir". This will stop working in the next major version of npm. See `npm help npmrc` for supported config options.
npm warn Unknown env config "verify-deps-before-run". This will stop working in the next major version of npm. See `npm help npmrc` for supported config options.
npm warn Unknown env config "_jsr-registry". This will stop working in the next major version of npm. See `npm help npmrc` for supported config options.
vite v7.2.7 building client environment for production...
`orderBy('column asc')` is deprecated. Use `orderBy('column', 'asc')` instead.
✔ [paraglide-js] Compilation complete (message-modules)
transforming...
✓ 3066 modules transformed.
rendering chunks...

[vite:dts] Start generate declaration files...
computing gzip size...
[vite:dts] Start rollup declaration files...
Analysis will use the bundled TypeScript version 5.8.2
*** The target project appears to use TypeScript 5.9.3 which is newer than the bundled compiler engine; consider upgrading API Extractor.
[vite:dts] Declaration files built in 7463ms.

dist/index.css    125.07 kB │ gzip:  22.09 kB
dist/index.js   2,453.20 kB │ gzip: 636.46 kB
✓ built in 11.58s
📦 Building HubSpot...
npm warn Unknown env config "catalog". This will stop working in the next major version of npm. See `npm help npmrc` for supported config options.
npm warn Unknown env config "store-dir". This will stop working in the next major version of npm. See `npm help npmrc` for supported config options.
npm warn Unknown env config "verify-deps-before-run". This will stop working in the next major version of npm. See `npm help npmrc` for supported config options.
npm warn Unknown env config "_jsr-registry". This will stop working in the next major version of npm. See `npm help npmrc` for supported config options.
vite v7.2.7 building client environment for production...
`orderBy('column asc')` is deprecated. Use `orderBy('column', 'asc')` instead.
✔ [paraglide-js] Compilation complete (message-modules)
transforming...
"getFilteredRowModel" and "getSortedRowModel" are imported from external module "@tanstack/react-table" but never used in "src/components/ui/display/data-table.tsx".
✓ 3247 modules transformed.
rendering chunks...
computing gzip size...
dist/chunks/index-rKs9bXHr.js                         0.08 kB │ gzip:   0.09 kB
dist/chunks/index-CCKe-Mpx.js                         0.11 kB │ gzip:   0.12 kB
dist/chunks/currency-gQnWy5oc.js                      0.14 kB │ gzip:   0.13 kB
dist/chunks/check-BxlvVsvD.js                         0.16 kB │ gzip:   0.16 kB
dist/chunks/chevron-down-DgT-uSF9.js                  0.16 kB │ gzip:   0.16 kB
dist/chunks/chevron-right-GpyqdYK4.js                 0.17 kB │ gzip:   0.16 kB
dist/chunks/index-ByaXH_ih.js                         0.18 kB │ gzip:   0.15 kB
dist/chunks/index-0ioNhtNM.js                         0.20 kB │ gzip:   0.16 kB
dist/islands/legacy-form-dialog-bridge.js             0.22 kB │ gzip:   0.18 kB
dist/chunks/index-BZPx6jYI.js                         0.26 kB │ gzip:   0.18 kB
dist/chunks/plus-DI3IxAnY.js                          0.29 kB │ gzip:   0.20 kB
dist/chunks/bav-dialog-DBpi7nHX.js                    0.55 kB │ gzip:   0.35 kB
dist/chunks/rich-text-Cv3ma-Pl.js                     0.56 kB │ gzip:   0.38 kB
dist/chunks/index-DLcqcWxM.js                         0.57 kB │ gzip:   0.30 kB
dist/chunks/pension-dialog-6luH_anh.js                0.57 kB │ gzip:   0.35 kB
dist/chunks/relocation-dialog-CkSbqRFl.js             0.57 kB │ gzip:   0.36 kB
dist/chunks/compat-CthN4nVF.js                        0.58 kB │ gzip:   0.30 kB
dist/chunks/basis-rente-dialog-Db2LxBe1.js            0.58 kB │ gzip:   0.36 kB
dist/chunks/pet-insurance-dialog-Bn0v8bX5.js          0.59 kB │ gzip:   0.36 kB
dist/chunks/legal-insurance-dialog-BKlcKQc6.js        0.60 kB │ gzip:   0.36 kB
dist/chunks/vehicle-insurance-dialog-DDqu-jMu.js      0.61 kB │ gzip:   0.36 kB
dist/islands/blog-post-image.js                       0.61 kB │ gzip:   0.39 kB
dist/chunks/accident-insurance-dialog-DUETEcMs.js     0.61 kB │ gzip:   0.37 kB
dist/chunks/term-life-insurance-dialog-DUJm3F2d.js    0.62 kB │ gzip:   0.37 kB
dist/chunks/liability-insurance-dialog-16I1QzM5.js    0.62 kB │ gzip:   0.38 kB
dist/chunks/health-form-dialog-CvtIM7qM.js            0.64 kB │ gzip:   0.37 kB
dist/chunks/overlay-portal--sbyNJ2P.js                0.65 kB │ gzip:   0.37 kB
dist/chunks/index-Bb23HztA.js                         0.66 kB │ gzip:   0.41 kB
dist/chunks/booking-dialog-D-DkCPIR.js                0.67 kB │ gzip:   0.35 kB
dist/chunks/visa-freelancer-dialog-DwC62ZHj.js        0.69 kB │ gzip:   0.40 kB
dist/chunks/textarea-Cv-ouRws.js                      0.71 kB │ gzip:   0.41 kB
dist/islands/blog-post-quote.js                       0.85 kB │ gzip:   0.50 kB
dist/islands/blog-related-articles.js                 0.89 kB │ gzip:   0.46 kB
dist/chunks/badge-CO4VSTyM.js                         0.90 kB │ gzip:   0.48 kB
dist/chunks/index-CQhYMnjT.js                         1.01 kB │ gzip:   0.50 kB
dist/islands/blog-preview-list.js                     1.21 kB │ gzip:   0.57 kB
dist/chunks/referral-signup-dialog-CcyWJ2ni.js        1.21 kB │ gzip:   0.65 kB
dist/chunks/card-BCNcacBd.js                          1.25 kB │ gzip:   0.56 kB
dist/chunks/card-DXflGx4q.js                          1.34 kB │ gzip:   0.46 kB
dist/islands/blog-post-expert-help-cta.js             1.38 kB │ gzip:   0.71 kB
dist/chunks/createLucideIcon-D4r5Phnh.js              1.58 kB │ gzip:   0.79 kB
dist/chunks/steps-Dlceay-E.js                         1.62 kB │ gzip:   0.76 kB
dist/chunks/icon-button-B2_O1FMT.js                   1.65 kB │ gzip:   0.68 kB
dist/islands/imprint-hero.js                          1.66 kB │ gzip:   0.69 kB
dist/chunks/banner-DWfO5CKM.js                        1.68 kB │ gzip:   0.73 kB
dist/chunks/index-BbkDOq1S.js                         1.72 kB │ gzip:   0.74 kB
dist/chunks/hubspot-image-D_JekCQG.js                 1.72 kB │ gzip:   0.84 kB
dist/islands/faq.js                                   1.91 kB │ gzip:   0.74 kB
dist/islands/quote.js                                 2.00 kB │ gzip:   0.81 kB
dist/islands/info-thumb.js                            2.01 kB │ gzip:   0.76 kB
dist/islands/info-feature-grid.js                     2.04 kB │ gzip:   0.81 kB
dist/islands/blog-post-hero.js                        2.06 kB │ gzip:   0.83 kB
dist/islands/insurance-subpage-banner.js              2.08 kB │ gzip:   0.97 kB
dist/islands/about-hero.js                            2.10 kB │ gzip:   0.95 kB
dist/islands/why-us.js                                2.19 kB │ gzip:   0.84 kB
dist/islands/insurance-subpage-hero.js                2.22 kB │ gzip:   1.00 kB
dist/chunks/index-BtQfgaSF.js                         2.41 kB │ gzip:   1.00 kB
dist/islands/our-people.js                            2.49 kB │ gzip:   0.94 kB
dist/chunks/button-O4A9Lz8P.js                        2.74 kB │ gzip:   1.04 kB
dist/islands/blog-hero.js                             2.88 kB │ gzip:   1.09 kB
dist/islands/blog-hero-search.js                      2.92 kB │ gzip:   1.15 kB
dist/islands/services.js                              2.95 kB │ gzip:   1.24 kB
dist/islands/info-split-content.js                    2.98 kB │ gzip:   1.03 kB
dist/chunks/use-app-dialogs-DwAqYlFE.js               3.02 kB │ gzip:   1.06 kB
dist/islands/blog-guides.js                           3.09 kB │ gzip:   1.21 kB
dist/islands/key-advantages.js                        3.18 kB │ gzip:   1.19 kB
dist/islands/blog-section-list.js                     3.22 kB │ gzip:   1.27 kB
dist/chunks/app-dialog-container-DmE6jwKH.js          3.48 kB │ gzip:   1.12 kB
dist/chunks/honeypot-field-BJiY_e4a.js                3.50 kB │ gzip:   1.19 kB
dist/islands/legal-layout.js                          3.62 kB │ gzip:   1.60 kB
dist/chunks/dialog-C3JjFlJ1.js                        3.73 kB │ gzip:   1.25 kB
dist/chunks/sonner-B3j1QV40.js                        3.78 kB │ gzip:   1.63 kB
dist/islands/relocation-hero.js                       3.79 kB │ gzip:   1.33 kB
dist/islands/insurance-features.js                    3.94 kB │ gzip:   1.26 kB
dist/islands/blog-articles.js                         3.97 kB │ gzip:   1.27 kB
dist/islands/insurance-carousel.js                    4.11 kB │ gzip:   1.38 kB
dist/islands/subscribe.js                             4.25 kB │ gzip:   1.57 kB
dist/chunks/legal-insurance-form-kLOsFeDD.js          4.33 kB │ gzip:   1.28 kB
dist/chunks/logo-BvLrOv6X.js                          5.37 kB │ gzip:   2.47 kB
dist/chunks/index-CXADq9Rm.js                         5.59 kB │ gzip:   1.99 kB
dist/islands/insurance-simple-steps.js                5.82 kB │ gzip:   2.11 kB
dist/islands/insurance-table.js                       5.85 kB │ gzip:   1.47 kB
dist/islands/insurance-hero.js                        5.87 kB │ gzip:   1.73 kB
dist/islands/coverage.js                              6.17 kB │ gzip:   1.88 kB
dist/chunks/checkbox-DMTfMJ_O.js                      6.61 kB │ gzip:   2.30 kB
dist/chunks/pet-insurance-form-D0iVUhC3.js            6.91 kB │ gzip:   1.71 kB
dist/islands/blog-list.js                             7.01 kB │ gzip:   2.62 kB
dist/chunks/liability-insurance-form-C21oxKNw.js      7.48 kB │ gzip:   1.72 kB
dist/chunks/form-dialog-layout-BBn8W6WC.js            7.66 kB │ gzip:   2.57 kB
dist/islands/material-insurance-form.js               8.07 kB │ gzip:   2.10 kB
dist/chunks/relocation-form-t5VoVqK7.js               8.08 kB │ gzip:   1.74 kB
dist/islands/blog-tabs.js                             8.28 kB │ gzip:   2.68 kB
dist/islands/pension-insurance-form.js                8.30 kB │ gzip:   2.02 kB
dist/chunks/radio-group-sO6SRWNC.js                   8.46 kB │ gzip:   2.75 kB
dist/islands/contact-us-hero.js                       8.72 kB │ gzip:   2.62 kB
dist/islands/hero.js                                  8.76 kB │ gzip:   2.62 kB
dist/chunks/index-BjVpMSuq.js                         8.86 kB │ gzip:   3.00 kB
dist/chunks/referral-signup-form-CGAyGYBf.js          9.39 kB │ gzip:   2.51 kB
dist/chunks/pension-form-xK9O9obf.js                  9.41 kB │ gzip:   2.26 kB
dist/chunks/booking-form-D0jwtI_l.js                  9.90 kB │ gzip:   2.80 kB
dist/chunks/visa-freelancer-form-C7NSHuas.js         10.07 kB │ gzip:   2.37 kB
dist/chunks/bav-form-nmmMUTt8.js                     10.18 kB │ gzip:   2.33 kB
dist/chunks/basis-rente-form-B-M9MUun.js             10.33 kB │ gzip:   2.32 kB
dist/chunks/hubspot-BIGczAIs.js                      11.53 kB │ gzip:   3.39 kB
dist/chunks/input-DyrD5BgR.js                        13.07 kB │ gzip:   4.62 kB
dist/chunks/health-form-BkKdZMpO.js                  13.13 kB │ gzip:   3.03 kB
dist/chunks/accordion-BM9zJYFX.js                    13.51 kB │ gzip:   3.73 kB
dist/chunks/term-life-insurance-form-A0evAsiB.js     14.62 kB │ gzip:   2.30 kB
dist/chunks/success-state-DPSEFscD.js                15.87 kB │ gzip:   5.56 kB
dist/chunks/card-B0oQ8z1n.js                         15.99 kB │ gzip:   4.72 kB
dist/chunks/vehicle-insurance-form-Dx_juIci.js       18.04 kB │ gzip:   2.63 kB
dist/islands/testimonials.js                         28.93 kB │ gzip:  10.06 kB
dist/chunks/index-MwWale8Z.js                        29.71 kB │ gzip:   9.18 kB
dist/chunks/carousel-8qmxX6jz.js                     33.73 kB │ gzip:  10.76 kB
dist/chunks/select-BGeBKxIt.js                       34.22 kB │ gzip:   9.65 kB
dist/islands/error-404.js                            34.86 kB │ gzip:  14.61 kB
dist/chunks/index-B6sSWi7l.js                        41.30 kB │ gzip:  10.60 kB
dist/chunks/index-CzsDLzI6.js                        48.13 kB │ gzip:  14.66 kB
dist/islands/header.js                               49.63 kB │ gzip:  11.50 kB
dist/islands/blog-post-subscribe.js                  56.78 kB │ gzip:  20.79 kB
dist/chunks/zod-B7XNhiiM.js                          60.55 kB │ gzip:  17.71 kB
dist/islands/error-500.js                            63.49 kB │ gzip:  22.43 kB
dist/islands/contact-us.js                           70.95 kB │ gzip:  29.30 kB
dist/chunks/utils-CRiPKpXj.js                        72.76 kB │ gzip:  12.64 kB
dist/chunks/instant-call-dialog-B6msktQr.js          77.63 kB │ gzip:  28.08 kB
dist/chunks/schemas-Cyl77MYv.js                     120.58 kB │ gzip:  26.60 kB
dist/islands/footer.js                              219.47 kB │ gzip: 160.63 kB
dist/chunks/booking-advisor-card-BeUt6XTr.js        247.64 kB │ gzip: 185.88 kB
dist/islands/health-insurance-form.js               274.12 kB │ gzip:  59.75 kB
dist/chunks/hubspot-island-entry-BGNv_zI1.js        404.93 kB │ gzip: 136.18 kB
dist/chunks/scroll-area-BND05ROV.js                 659.42 kB │ gzip: 139.77 kB
✓ built in 3.52s
✅ Build Complete! Files created: index.js, hubspot.js, index.css
✅ @ui-react build completed

📋 Copying required files to assets...
✅ Successfully copied required files to assets folder
📁 Assets location: /home/node/workspaces/.paperclip-runtime/runs/25baed69-bbe5-4ff0-bce7-7dad32d04e37/scratch/sta2175-rev6/packages/hubspot/src/theme/stay/assets/ui

🎉 All done!
===== generate-profile:dev =====
npm warn Unknown project config "store-dir". This will stop working in the next major version of npm. See `npm help npmrc` for supported config options.

> @stayinsured/hubspot@0.0.0 generate-profile:dev /home/node/workspaces/.paperclip-runtime/runs/25baed69-bbe5-4ff0-bce7-7dad32d04e37/scratch/sta2175-rev6/packages/hubspot
> node scripts/generate-hs-profiles.mjs dev

Wrote Intercom snippet into /home/node/workspaces/.paperclip-runtime/runs/25baed69-bbe5-4ff0-bce7-7dad32d04e37/scratch/sta2175-rev6/packages/hubspot/src/theme/stay/templates/layouts/base.hubl.html
Wrote Intercom snippet into /home/node/workspaces/.paperclip-runtime/runs/25baed69-bbe5-4ff0-bce7-7dad32d04e37/scratch/sta2175-rev6/packages/hubspot/src/theme/stay/templates/layouts/no-footer.hubl.html
Wrote Sentry Replay snippet into /home/node/workspaces/.paperclip-runtime/runs/25baed69-bbe5-4ff0-bce7-7dad32d04e37/scratch/sta2175-rev6/packages/hubspot/src/theme/stay/templates/layouts/base.hubl.html
Wrote Sentry Replay snippet into /home/node/workspaces/.paperclip-runtime/runs/25baed69-bbe5-4ff0-bce7-7dad32d04e37/scratch/sta2175-rev6/packages/hubspot/src/theme/stay/templates/layouts/no-footer.hubl.html
Wrote /home/node/workspaces/.paperclip-runtime/runs/25baed69-bbe5-4ff0-bce7-7dad32d04e37/scratch/sta2175-rev6/packages/hubspot/src/hsprofile.dev.json
Wrote /home/node/workspaces/.paperclip-runtime/runs/25baed69-bbe5-4ff0-bce7-7dad32d04e37/scratch/sta2175-rev6/packages/hubspot/src/app/app-hsmeta.json for dev
Wrote /home/node/workspaces/.paperclip-runtime/runs/25baed69-bbe5-4ff0-bce7-7dad32d04e37/scratch/sta2175-rev6/packages/hubspot/src/app/cards/referral-program-card-hsmeta.json for dev
Wrote /home/node/workspaces/.paperclip-runtime/runs/25baed69-bbe5-4ff0-bce7-7dad32d04e37/scratch/sta2175-rev6/packages/hubspot/src/app/cards/referral-program-config.js
Wrote /home/node/workspaces/.paperclip-runtime/runs/25baed69-bbe5-4ff0-bce7-7dad32d04e37/scratch/sta2175-rev6/packages/hubspot/src/app/release-manifest.json for dev
===== marker resolution =====
MARKER packages/hubspot/src/app/release-manifest.json:7:  "release": "hubspot-dev-2e83d8560e186e2f274d7abc1937bb506e5cbff8",
MARKER packages/hubspot/src/app/cards/referral-program-config.js:4:export const SENTRY_RELEASE = "hubspot-dev-2e83d8560e186e2f274d7abc1937bb506e5cbff8";
MARKER packages/hubspot/src/theme/stay/templates/layouts/base.hubl.html:101:            "hubspot-dev-2e83d8560e186e2f274d7abc1937bb506e5cbff8"
MARKER packages/hubspot/src/theme/stay/templates/layouts/no-footer.hubl.html:29:            "hubspot-dev-2e83d8560e186e2f274d7abc1937bb506e5cbff8"
===== BUILD_CHAIN_DONE =====
