
===== 0 identity =====
HEAD=2e83d8560e186e2f274d7abc1937bb506e5cbff8
TREE=77f703673c2671a1574dd7942ae3d278b9f149a0
worktree-clean=yes
HUBSPOT_DEPLOYED_GIT_SHA=2e83d8560e186e2f274d7abc1937bb506e5cbff8

===== 1 pnpm install --frozen-lockfile =====
Scope: all 24 workspace projects
Lockfile is up to date, resolution step is skipped
Progress: resolved 1, reused 0, downloaded 0, added 0
Packages: +1102
++++++++++++++++++++++++++++++++++++++++++++++++++++++++++++++++++++++++++++++++
Progress: resolved 1102, reused 0, downloaded 95, added 95
Progress: resolved 1102, reused 0, downloaded 320, added 320
Progress: resolved 1102, reused 0, downloaded 467, added 466
Progress: resolved 1102, reused 0, downloaded 652, added 651
Progress: resolved 1102, reused 0, downloaded 882, added 882
Progress: resolved 1102, reused 0, downloaded 1034, added 1034
Progress: resolved 1102, reused 0, downloaded 1101, added 1101
Progress: resolved 1102, reused 0, downloaded 1102, added 1102, done

devDependencies:
+ @dotenvx/dotenvx 1.51.1
+ drizzle-orm 0.45.1
+ oxfmt 0.26.0
+ oxlint 1.41.0
+ oxlint-tsgolint 0.11.1
+ rimraf 6.1.2
+ tsx 4.21.0
+ turbo 2.5.8
+ typescript 5.9.3

╭ Warning ─────────────────────────────────────────────────────────────────────╮
│                                                                              │
│   Ignored build scripts: @sentry-internal/node-cpu-profiler, esbuild,        │
│   protobufjs.                                                                │
│   Run "pnpm approve-builds" to pick which dependencies should be allowed     │
│   to run scripts.                                                            │
│                                                                              │
╰──────────────────────────────────────────────────────────────────────────────╯

Done in 8.5s using pnpm v10.20.0
RESULT install=PASS

===== 2 playwright chromium (no --with-deps; system deps expected present) =====
RESULT chromium=PASS

===== 3 preflight:sentry:test =====

> @stayinsured/hubspot@0.0.0 preflight:sentry:test /tmp/sta2175-rev6/packages/hubspot
> node scripts/validate-sentry-env.mjs

HubSpot test build/deploy requires Sentry env before building React module assets.

Missing required env var(s): VITE_SENTRY_DSN, VITE_SENTRY_ENVIRONMENT

Set these in your shell or packages/hubspot/.env.local, then rerun:
  VITE_SENTRY_DSN=<sandbox/test Sentry DSN>
  VITE_SENTRY_ENVIRONMENT=test

Do not set or commit Sentry auth tokens for HubSpot client bundles.
 ELIFECYCLE  Command failed with exit code 1.
undefined
/tmp/sta2175-rev6/packages/hubspot:
 ERR_PNPM_RECURSIVE_EXEC_FIRST_FAIL  Command failed with exit code 1: cross-env HS_ENV=dev pnpm preflight:sentry:test
RESULT sentry=FAIL

===== 3 preflight:sentry:test (retry with workflow-equivalent HUBSPOT_DEV_SENTRY_* env) =====

> @stayinsured/hubspot@0.0.0 preflight:sentry:test /tmp/sta2175-rev6/packages/hubspot
> node scripts/validate-sentry-env.mjs

HubSpot React module Sentry env validated for test.
RESULT sentry=PASS

===== 4 preflight:visual =====

> @stayinsured/hubspot@0.0.0 preflight:visual /tmp/sta2175-rev6/packages/hubspot
> pnpm --filter @stayinsured/ui-react test:visual


> @stayinsured/ui-react@0.0.2 test:visual /tmp/sta2175-rev6/packages/ui-react
> playwright test --config playwright.config.ts

[WebServer] No story files found for the specified pattern: [34msrc/**/*.mdx[39m
[WebServer] (node:3441118) [DEP0190] DeprecationWarning: Passing args to a child process with shell option true can lead to security vulnerabilities, as the arguments are not escaped, only concatenated.
[WebServer] (Use `node --trace-deprecation ...` to show where the warning was created)
[WebServer] [baseline-browser-mapping] The data in this module is over two months old.  To ensure accurate Baseline data, please update: `npm i baseline-browser-mapping@latest -D`
[WebServer] [33m
[WebServer] (!) Some chunks are larger than 500 kB after minification. Consider:
[WebServer] - Using dynamic import() to code-split the application
[WebServer] - Use build.rollupOptions.output.manualChunks to improve chunking: https://rollupjs.org/configuration-options/#output-manualchunks
[WebServer] - Adjust chunk size limit for this warning via build.chunkSizeWarningLimit.[39m

Running 97 tests using 4 workers

  ✓   1 [chromium] › tests/visual/responsive-image-request.spec.ts:5:1 › responsive preload and rendered image share one selected transfer (305ms)
  ✓   5 [chromium] › tests/visual/responsive-image-request.spec.ts:55:1 › responsive preload and rendered image share one bounded 2x transfer (145ms)
  ✓   2 [chromium] › tests/visual/header-mobile.spec.ts:3:1 › mobile Header restores toggle focus after Escape closes the built Storybook menu (932ms)
  ✓   6 [chromium] › tests/visual/responsive-image-request.spec.ts:172:5 › /about-us makes one bounded hero request at mobile (465ms)
  ✓   3 [chromium] › tests/visual/storybook-hs-modules.spec.ts:224:7 › HubSpot React module Storybook visuals › insurance-hero desktop (1.5s)
  ✓   7 [chromium] › tests/visual/responsive-image-request.spec.ts:172:5 › /about-us makes one bounded hero request at desktop (593ms)
  ✓   4 [chromium] › tests/visual/booking-accessibility.spec.ts:139:5 › Booking form accessibility › booking form axe critical and serious desktop (1.7s)
  ✓   9 [chromium] › tests/visual/responsive-image-request.spec.ts:172:5 › /pension makes one bounded hero request at mobile (396ms)
  ✓  11 [chromium] › tests/visual/responsive-image-request.spec.ts:172:5 › /pension makes one bounded hero request at desktop (399ms)
  ✓   8 [chromium] › tests/visual/storybook-hs-modules.spec.ts:224:7 › HubSpot React module Storybook visuals › insurance-hero mobile (1.1s)
  ✓  12 [chromium] › tests/visual/responsive-image-request.spec.ts:172:5 › /health-insurance makes one bounded hero request at mobile (387ms)
  ✓  14 [chromium] › tests/visual/responsive-image-request.spec.ts:172:5 › /health-insurance makes one bounded hero request at desktop (389ms)
  ✓  10 [chromium] › tests/visual/booking-accessibility.spec.ts:147:5 › Booking form accessibility › booking dialog axe critical and serious desktop (1.5s)
  ✓  13 [chromium] › tests/visual/storybook-hs-modules.spec.ts:224:7 › HubSpot React module Storybook visuals › insurance-features-carousel desktop (1.2s)
  ✓  15 [chromium] › tests/visual/booking-accessibility.spec.ts:139:5 › Booking form accessibility › booking form axe critical and serious mobile (1.4s)
  ✓  16 [chromium] › tests/visual/storybook-hs-modules.spec.ts:224:7 › HubSpot React module Storybook visuals › insurance-features-carousel mobile (1.0s)
  ✓  18 [chromium] › tests/visual/storybook-hs-modules.spec.ts:224:7 › HubSpot React module Storybook visuals › insurance-carousel desktop (1.2s)
  ✓  17 [chromium] › tests/visual/booking-accessibility.spec.ts:147:5 › Booking form accessibility › booking dialog axe critical and serious mobile (1.5s)
  ✓  19 [chromium] › tests/visual/storybook-hs-modules.spec.ts:224:7 › HubSpot React module Storybook visuals › insurance-carousel mobile (1.1s)
  ✓  20 [chromium] › tests/visual/booking-accessibility.spec.ts:161:5 › Booking form accessibility › pension insurance calculator axe critical and serious desktop (1.4s)
  ✓  21 [chromium] › tests/visual/storybook-hs-modules.spec.ts:224:7 › HubSpot React module Storybook visuals › insurance-faq desktop (1.1s)
  ✓  22 [chromium] › tests/visual/booking-accessibility.spec.ts:161:5 › Booking form accessibility › pension insurance calculator axe critical and serious mobile (1.3s)
  ✓  23 [chromium] › tests/visual/storybook-hs-modules.spec.ts:224:7 › HubSpot React module Storybook visuals › insurance-faq mobile (1.1s)
  ✓  24 [chromium] › tests/visual/booking-accessibility.spec.ts:174:3 › Booking form accessibility › invalid keyboard submit announces errors and focuses first invalid field (1.1s)
  ✓  25 [chromium] › tests/visual/storybook-hs-modules.spec.ts:224:7 › HubSpot React module Storybook visuals › insurance-health-form-module desktop (1.4s)
  ✓  26 [chromium] › tests/visual/booking-accessibility.spec.ts:185:3 › Booking form accessibility › keyboard tab order includes the country code before the phone input (1.0s)
  ✓  27 [chromium] › tests/visual/storybook-hs-modules.spec.ts:224:7 › HubSpot React module Storybook visuals › insurance-health-form-module mobile (1.2s)
  ✓  28 [chromium] › tests/visual/booking-accessibility.spec.ts:206:5 › Booking form accessibility › required validation has no critical or serious axe violations desktop (1.5s)
  ✓  29 [chromium] › tests/visual/storybook-hs-modules.spec.ts:224:7 › HubSpot React module Storybook visuals › insurance-material-form-module desktop (1.2s)
  ✓  31 [chromium] › tests/visual/storybook-hs-modules.spec.ts:224:7 › HubSpot React module Storybook visuals › insurance-material-form-module mobile (1.1s)
  ✓  30 [chromium] › tests/visual/booking-accessibility.spec.ts:206:5 › Booking form accessibility › required validation has no critical or serious axe violations mobile (1.6s)
  ✓  32 [chromium] › tests/visual/storybook-hs-modules.spec.ts:224:7 › HubSpot React module Storybook visuals › insurance-pension-form-module desktop (1.3s)
  ✓  33 [chromium] › tests/visual/booking-accessibility.spec.ts:217:3 › Booking form accessibility › failed submit is announced and duplicate submit is disabled (1.7s)
  ✓  34 [chromium] › tests/visual/storybook-hs-modules.spec.ts:224:7 › HubSpot React module Storybook visuals › insurance-pension-form-module mobile (1.2s)
  ✓  35 [chromium] › tests/visual/booking-accessibility.spec.ts:241:3 › Booking form accessibility › dialog closes with Escape and returns focus to the trigger (1.1s)
  ✓  36 [chromium] › tests/visual/storybook-hs-modules.spec.ts:224:7 › HubSpot React module Storybook visuals › hubspot-booking-form desktop (1.2s)
  ✓  37 [chromium] › tests/visual/booking-accessibility.spec.ts:254:3 › Booking form accessibility › HubSpot app CTA dialog closes with Escape and returns focus to the CTA (1.4s)
  ✓  38 [chromium] › tests/visual/storybook-hs-modules.spec.ts:224:7 › HubSpot React module Storybook visuals › hubspot-booking-form mobile (1.1s)
  ✓  40 [chromium] › tests/visual/storybook-hs-modules.spec.ts:224:7 › HubSpot React module Storybook visuals › hubspot-health-form desktop (1.1s)
  ✓  39 [chromium] › tests/visual/booking-accessibility.spec.ts:270:3 › Booking form accessibility › HubSpot app Booking popup has dialog semantics, initial focus, and trapped keyboard focus (1.8s)
  ✓  41 [chromium] › tests/visual/storybook-hs-modules.spec.ts:224:7 › HubSpot React module Storybook visuals › hubspot-health-form mobile (1.1s)
  ✓  42 [chromium] › tests/visual/booking-accessibility.spec.ts:305:3 › Booking form accessibility › HubSpot app Booking popup announces validation and focuses the first invalid field (1.6s)
  ✓  43 [chromium] › tests/visual/storybook-hs-modules.spec.ts:224:7 › HubSpot React module Storybook visuals › hubspot-pension-form desktop (1.1s)
  ✓  45 [chromium] › tests/visual/storybook-hs-modules.spec.ts:224:7 › HubSpot React module Storybook visuals › hubspot-pension-form mobile (1.1s)
  ✓  44 [chromium] › tests/visual/booking-accessibility.spec.ts:322:3 › Booking form accessibility › HubSpot app Booking popup keeps country code and phone controls keyboard reachable (2.0s)
  ✓  46 [chromium] › tests/visual/storybook-hs-modules.spec.ts:236:7 › HubSpot React module Storybook visuals › info split content does not overflow shared-info-split-content--list-variant desktop (893ms)
  ✓  48 [chromium] › tests/visual/storybook-hs-modules.spec.ts:236:7 › HubSpot React module Storybook visuals › info split content does not overflow shared-info-split-content--list-variant tablet (928ms)
  ✓  49 [chromium] › tests/visual/storybook-hs-modules.spec.ts:236:7 › HubSpot React module Storybook visuals › info split content does not overflow shared-info-split-content--list-variant mobile (906ms)
  ✓  47 [chromium] › tests/visual/booking-accessibility.spec.ts:343:3 › Booking form accessibility › HubSpot app Booking popup country picker is keyboard operable (3.1s)
  ✓  50 [chromium] › tests/visual/storybook-hs-modules.spec.ts:236:7 › HubSpot React module Storybook visuals › info split content does not overflow shared-info-split-content--details-variant desktop (909ms)
  ✓  52 [chromium] › tests/visual/storybook-hs-modules.spec.ts:236:7 › HubSpot React module Storybook visuals › info split content does not overflow shared-info-split-content--details-variant tablet (916ms)
  ✓  51 [chromium] › tests/visual/booking-accessibility.spec.ts:424:3 › Booking form accessibility › legacy PKV #form anchor opens the health dialog and restores focus (1.8s)
  ✓  53 [chromium] › tests/visual/storybook-hs-modules.spec.ts:236:7 › HubSpot React module Storybook visuals › info split content does not overflow shared-info-split-content--details-variant mobile (899ms)
  ✓  55 [chromium] › tests/visual/storybook-hs-modules.spec.ts:236:7 › HubSpot React module Storybook visuals › info split content does not overflow shared-info-split-content--rtl-list-variant desktop (916ms)
  ✓  56 [chromium] › tests/visual/storybook-hs-modules.spec.ts:236:7 › HubSpot React module Storybook visuals › info split content does not overflow shared-info-split-content--rtl-list-variant tablet (895ms)
  ✓  54 [chromium] › tests/visual/booking-accessibility.spec.ts:460:5 › Booking form accessibility › legacy freelancer-visa-insurance #form anchor opens visa freelancer dialog and restores focus (2.1s)
  ✓  57 [chromium] › tests/visual/storybook-hs-modules.spec.ts:236:7 › HubSpot React module Storybook visuals › info split content does not overflow shared-info-split-content--rtl-list-variant mobile (880ms)
  ✓  59 [chromium] › tests/visual/storybook-hs-modules.spec.ts:236:7 › HubSpot React module Storybook visuals › info split content does not overflow shared-info-split-content--rtl-details-variant desktop (924ms)
  ✓  58 [chromium] › tests/visual/booking-accessibility.spec.ts:460:5 › Booking form accessibility › legacy visa-combi-package #form anchor opens visa freelancer dialog and restores focus (1.8s)
  ✓  60 [chromium] › tests/visual/storybook-hs-modules.spec.ts:236:7 › HubSpot React module Storybook visuals › info split content does not overflow shared-info-split-content--rtl-details-variant tablet (929ms)
  ✓  62 [chromium] › tests/visual/storybook-hs-modules.spec.ts:236:7 › HubSpot React module Storybook visuals › info split content does not overflow shared-info-split-content--rtl-details-variant mobile (920ms)
  ✓  61 [chromium] › tests/visual/booking-accessibility.spec.ts:495:3 › Booking form accessibility › health product dialog controls have names and validation associations (2.4s)
  ✓  63 [chromium] › tests/visual/storybook-hs-modules.spec.ts:236:7 › HubSpot React module Storybook visuals › info split content does not overflow shared-info-split-content--long-content desktop (1.0s)
  ✓  65 [chromium] › tests/visual/storybook-hs-modules.spec.ts:236:7 › HubSpot React module Storybook visuals › info split content does not overflow shared-info-split-content--long-content tablet (886ms)
  ✓  64 [chromium] › tests/visual/booking-accessibility.spec.ts:542:3 › Booking form accessibility › visa freelancer product dialog selects have names and validation associations (1.8s)
  ✓  66 [chromium] › tests/visual/storybook-hs-modules.spec.ts:236:7 › HubSpot React module Storybook visuals › info split content does not overflow shared-info-split-content--long-content mobile (891ms)
  ✓  68 [chromium] › tests/visual/storybook-hs-modules.spec.ts:246:3 › HubSpot React module Storybook visuals › insurance banner wide image does not overlap desktop content (990ms)
  ✓  67 [chromium] › tests/visual/booking-accessibility.spec.ts:581:5 › Booking form accessibility › instant call dialog › has no critical or serious axe violations in intro and form states (1.6s)
  ✓  69 [chromium] › tests/visual/storybook-hs-modules.spec.ts:290:3 › HubSpot React module Storybook visuals › insurance banner wide image stacks above content on mobile (971ms)
  ✓  70 [chromium] › tests/visual/booking-accessibility.spec.ts:601:5 › Booking form accessibility › instant call dialog › closes with Escape and returns focus to the trigger (1.2s)
  ✓  71 [chromium] › tests/visual/storybook-hs-modules.spec.ts:331:3 › HubSpot React module Storybook visuals › booking form invalid email entry state (1.2s)
  ✓  72 [chromium] › tests/visual/booking-accessibility.spec.ts:630:7 › Booking form accessibility › published carousel controls › insurance-carousel--default has no WCAG 2.2 target-size violations (1.3s)
  ✓  73 [chromium] › tests/visual/storybook-hs-modules.spec.ts:344:3 › HubSpot React module Storybook visuals › booking form HubSpot constrained container (1.1s)
  ✓  74 [chromium] › tests/visual/booking-accessibility.spec.ts:630:7 › Booking form accessibility › published carousel controls › insurance-features-carousel--default has no WCAG 2.2 target-size violations (1.2s)
  ✓  75 [chromium] › tests/visual/storybook-hs-modules.spec.ts:355:5 › HubSpot React module Storybook visuals › health insurance full tariffs table desktop (1.3s)
  ✓  76 [chromium] › tests/visual/booking-accessibility.spec.ts:630:7 › Booking form accessibility › published carousel controls › homepage-testimonials-carousel--default has no WCAG 2.2 target-size violations (1.2s)
  ✓  77 [chromium] › tests/visual/storybook-hs-modules.spec.ts:355:5 › HubSpot React module Storybook visuals › health insurance full tariffs table mobile (1.2s)
  ✓  78 [chromium] › tests/visual/booking-accessibility.spec.ts:630:7 › Booking form accessibility › published carousel controls › homepage-blog-tips--default has no WCAG 2.2 target-size violations (1.3s)
  ✓  79 [chromium] › tests/visual/storybook-hs-modules.spec.ts:372:5 › HubSpot React module Storybook visuals › health form dialog select menu layering desktop (1.3s)
  ✓  80 [chromium] › tests/visual/booking-accessibility.spec.ts:630:7 › Booking form accessibility › published carousel controls › relocation-key-advantages--default has no WCAG 2.2 target-size violations (1.2s)
  ✓  81 [chromium] › tests/visual/storybook-hs-modules.spec.ts:372:5 › HubSpot React module Storybook visuals › health form dialog select menu layering mobile (1.1s)
  ✓  82 [chromium] › tests/visual/storybook-hs-modules.spec.ts:392:5 › HubSpot React module Storybook visuals › booking form required validation desktop (1.3s)
  ✓  83 [chromium] › tests/visual/storybook-hs-modules.spec.ts:407:5 › HubSpot React module Storybook visuals › health form first-step validation desktop (1.2s)
  ✓  84 [chromium] › tests/visual/storybook-hs-modules.spec.ts:420:5 › HubSpot React module Storybook visuals › health form employee salary validation desktop (1.3s)
  ✓  85 [chromium] › tests/visual/storybook-hs-modules.spec.ts:437:5 › HubSpot React module Storybook visuals › health form contact details step desktop (1.4s)
  ✓  86 [chromium] › tests/visual/storybook-hs-modules.spec.ts:450:5 › HubSpot React module Storybook visuals › health form contact details validation desktop (1.5s)
  ✓  87 [chromium] › tests/visual/storybook-hs-modules.spec.ts:469:5 › HubSpot React module Storybook visuals › pension form first-step validation desktop (1.1s)
  ✓  88 [chromium] › tests/visual/storybook-hs-modules.spec.ts:480:5 › HubSpot React module Storybook visuals › pension form contact details step desktop (1.3s)
  ✓  89 [chromium] › tests/visual/storybook-hs-modules.spec.ts:493:5 › HubSpot React module Storybook visuals › pension form contact details validation desktop (1.4s)
  ✓  90 [chromium] › tests/visual/storybook-hs-modules.spec.ts:392:5 › HubSpot React module Storybook visuals › booking form required validation mobile (1.2s)
  ✓  91 [chromium] › tests/visual/storybook-hs-modules.spec.ts:407:5 › HubSpot React module Storybook visuals › health form first-step validation mobile (1.1s)
  ✓  92 [chromium] › tests/visual/storybook-hs-modules.spec.ts:420:5 › HubSpot React module Storybook visuals › health form employee salary validation mobile (1.4s)
  ✓  93 [chromium] › tests/visual/storybook-hs-modules.spec.ts:437:5 › HubSpot React module Storybook visuals › health form contact details step mobile (1.3s)
  ✓  94 [chromium] › tests/visual/storybook-hs-modules.spec.ts:450:5 › HubSpot React module Storybook visuals › health form contact details validation mobile (1.4s)
  ✓  95 [chromium] › tests/visual/storybook-hs-modules.spec.ts:469:5 › HubSpot React module Storybook visuals › pension form first-step validation mobile (1.1s)
  ✓  96 [chromium] › tests/visual/storybook-hs-modules.spec.ts:480:5 › HubSpot React module Storybook visuals › pension form contact details step mobile (1.3s)
  ✓  97 [chromium] › tests/visual/storybook-hs-modules.spec.ts:493:5 › HubSpot React module Storybook visuals › pension form contact details validation mobile (1.4s)

  97 passed (1.5m)
RESULT visual=PASS

===== 5 build-ui =====

> @stayinsured/hubspot@0.0.0 build-ui /tmp/sta2175-rev6/packages/hubspot
> node scripts/build-ui.mjs

🔨 Building @ui-react (env: dev)...
npm warn Unknown env config "catalog". This will stop working in the next major version of npm. See `npm help npmrc` for supported config options.
npm warn Unknown env config "store-dir". This will stop working in the next major version of npm. See `npm help npmrc` for supported config options.
npm warn Unknown env config "verify-deps-before-run". This will stop working in the next major version of npm. See `npm help npmrc` for supported config options.
npm warn Unknown env config "_jsr-registry". This will stop working in the next major version of npm. See `npm help npmrc` for supported config options.

> @stayinsured/ui-react@0.0.2 build
> tsc -b && node build.js

🚀 Starting Build Process...
📦 Building Index...
npm warn Unknown env config "catalog". This will stop working in the next major version of npm. See `npm help npmrc` for supported config options.
npm warn Unknown env config "store-dir". This will stop working in the next major version of npm. See `npm help npmrc` for supported config options.
npm warn Unknown env config "verify-deps-before-run". This will stop working in the next major version of npm. See `npm help npmrc` for supported config options.
npm warn Unknown env config "_jsr-registry". This will stop working in the next major version of npm. See `npm help npmrc` for supported config options.
vite v7.2.7 building client environment for production...
`orderBy('column asc')` is deprecated. Use `orderBy('column', 'asc')` instead.
✔ [paraglide-js] Compilation complete (message-modules)
transforming...
✓ 3066 modules transformed.
rendering chunks...

[vite:dts] Start generate declaration files...
computing gzip size...
[vite:dts] Start rollup declaration files...
Analysis will use the bundled TypeScript version 5.8.2
*** The target project appears to use TypeScript 5.9.3 which is newer than the bundled compiler engine; consider upgrading API Extractor.
[vite:dts] Declaration files built in 9674ms.

dist/index.css    125.07 kB │ gzip:  22.09 kB
dist/index.js   2,453.20 kB │ gzip: 636.46 kB
✓ built in 13.57s
📦 Building HubSpot...
npm warn Unknown env config "catalog". This will stop working in the next major version of npm. See `npm help npmrc` for supported config options.
npm warn Unknown env config "store-dir". This will stop working in the next major version of npm. See `npm help npmrc` for supported config options.
npm warn Unknown env config "verify-deps-before-run". This will stop working in the next major version of npm. See `npm help npmrc` for supported config options.
npm warn Unknown env config "_jsr-registry". This will stop working in the next major version of npm. See `npm help npmrc` for supported config options.
vite v7.2.7 building client environment for production...
`orderBy('column asc')` is deprecated. Use `orderBy('column', 'asc')` instead.
✔ [paraglide-js] Compilation complete (message-modules)
transforming...
"getFilteredRowModel" and "getSortedRowModel" are imported from external module "@tanstack/react-table" but never used in "src/components/ui/display/data-table.tsx".
✓ 3247 modules transformed.
rendering chunks...
computing gzip size...
dist/chunks/index-rKs9bXHr.js                         0.08 kB │ gzip:   0.09 kB
dist/chunks/index-CCKe-Mpx.js                         0.11 kB │ gzip:   0.12 kB
dist/chunks/currency-gQnWy5oc.js                      0.14 kB │ gzip:   0.13 kB
dist/chunks/check-BxlvVsvD.js                         0.16 kB │ gzip:   0.16 kB
dist/chunks/chevron-down-DgT-uSF9.js                  0.16 kB │ gzip:   0.16 kB
dist/chunks/chevron-right-GpyqdYK4.js                 0.17 kB │ gzip:   0.16 kB
dist/chunks/index-ByaXH_ih.js                         0.18 kB │ gzip:   0.15 kB
dist/chunks/index-0ioNhtNM.js                         0.20 kB │ gzip:   0.16 kB
dist/islands/legacy-form-dialog-bridge.js             0.22 kB │ gzip:   0.18 kB
dist/chunks/index-BZPx6jYI.js                         0.26 kB │ gzip:   0.18 kB
dist/chunks/plus-DI3IxAnY.js                          0.29 kB │ gzip:   0.20 kB
dist/chunks/bav-dialog-CpAi9vBA.js                    0.55 kB │ gzip:   0.35 kB
dist/chunks/rich-text-Cv3ma-Pl.js                     0.56 kB │ gzip:   0.38 kB
dist/chunks/index-DLcqcWxM.js                         0.57 kB │ gzip:   0.30 kB
dist/chunks/pension-dialog-BoaS4_Fn.js                0.57 kB │ gzip:   0.35 kB
dist/chunks/relocation-dialog-Bc1XMnHZ.js             0.57 kB │ gzip:   0.36 kB
dist/chunks/compat-CthN4nVF.js                        0.58 kB │ gzip:   0.30 kB
dist/chunks/basis-rente-dialog-BBlnMmtC.js            0.58 kB │ gzip:   0.36 kB
dist/chunks/pet-insurance-dialog-DHZlMdx6.js          0.59 kB │ gzip:   0.36 kB
dist/chunks/legal-insurance-dialog-CzxPOPt6.js        0.60 kB │ gzip:   0.36 kB
dist/chunks/vehicle-insurance-dialog-C65XXdS_.js      0.61 kB │ gzip:   0.36 kB
dist/islands/blog-post-image.js                       0.61 kB │ gzip:   0.39 kB
dist/chunks/accident-insurance-dialog-l-ggfrIU.js     0.61 kB │ gzip:   0.37 kB
dist/chunks/term-life-insurance-dialog-Ci6qZb5r.js    0.62 kB │ gzip:   0.37 kB
dist/chunks/liability-insurance-dialog-B-7VBucu.js    0.62 kB │ gzip:   0.38 kB
dist/chunks/health-form-dialog-BLy-P_jW.js            0.64 kB │ gzip:   0.37 kB
dist/chunks/overlay-portal--sbyNJ2P.js                0.65 kB │ gzip:   0.37 kB
dist/chunks/index-Bb23HztA.js                         0.66 kB │ gzip:   0.41 kB
dist/chunks/booking-dialog-75MbYbDg.js                0.67 kB │ gzip:   0.35 kB
dist/chunks/visa-freelancer-dialog-DkF6slJe.js        0.69 kB │ gzip:   0.40 kB
dist/chunks/textarea-Cv-ouRws.js                      0.71 kB │ gzip:   0.41 kB
dist/islands/blog-post-quote.js                       0.85 kB │ gzip:   0.50 kB
dist/islands/blog-related-articles.js                 0.89 kB │ gzip:   0.47 kB
dist/chunks/badge-CO4VSTyM.js                         0.90 kB │ gzip:   0.48 kB
dist/chunks/index-CQhYMnjT.js                         1.01 kB │ gzip:   0.50 kB
dist/islands/blog-preview-list.js                     1.21 kB │ gzip:   0.58 kB
dist/chunks/referral-signup-dialog-BXtw0WnS.js        1.21 kB │ gzip:   0.65 kB
dist/chunks/card-ZDHRXHkz.js                          1.25 kB │ gzip:   0.56 kB
dist/chunks/card-DXflGx4q.js                          1.34 kB │ gzip:   0.46 kB
dist/islands/blog-post-expert-help-cta.js             1.38 kB │ gzip:   0.71 kB
dist/chunks/createLucideIcon-D4r5Phnh.js              1.58 kB │ gzip:   0.79 kB
dist/chunks/steps-Dlceay-E.js                         1.62 kB │ gzip:   0.76 kB
dist/chunks/icon-button-B2_O1FMT.js                   1.65 kB │ gzip:   0.68 kB
dist/islands/imprint-hero.js                          1.66 kB │ gzip:   0.69 kB
dist/chunks/banner-D5YKEtjt.js                        1.68 kB │ gzip:   0.73 kB
dist/chunks/index-BbkDOq1S.js                         1.72 kB │ gzip:   0.74 kB
dist/chunks/hubspot-image-D_JekCQG.js                 1.72 kB │ gzip:   0.84 kB
dist/islands/faq.js                                   1.91 kB │ gzip:   0.74 kB
dist/islands/quote.js                                 2.00 kB │ gzip:   0.81 kB
dist/islands/info-thumb.js                            2.01 kB │ gzip:   0.76 kB
dist/islands/info-feature-grid.js                     2.04 kB │ gzip:   0.81 kB
dist/islands/blog-post-hero.js                        2.06 kB │ gzip:   0.83 kB
dist/islands/insurance-subpage-banner.js              2.08 kB │ gzip:   0.97 kB
dist/islands/about-hero.js                            2.10 kB │ gzip:   0.95 kB
dist/islands/why-us.js                                2.19 kB │ gzip:   0.84 kB
dist/islands/insurance-subpage-hero.js                2.22 kB │ gzip:   0.99 kB
dist/chunks/index-BtQfgaSF.js                         2.41 kB │ gzip:   1.00 kB
dist/islands/our-people.js                            2.49 kB │ gzip:   0.94 kB
dist/chunks/button-46uaOizp.js                        2.74 kB │ gzip:   1.04 kB
dist/islands/blog-hero.js                             2.88 kB │ gzip:   1.09 kB
dist/islands/blog-hero-search.js                      2.92 kB │ gzip:   1.15 kB
dist/islands/services.js                              2.95 kB │ gzip:   1.24 kB
dist/islands/info-split-content.js                    2.98 kB │ gzip:   1.04 kB
dist/chunks/use-app-dialogs-DwAqYlFE.js               3.02 kB │ gzip:   1.06 kB
dist/islands/blog-guides.js                           3.09 kB │ gzip:   1.21 kB
dist/islands/key-advantages.js                        3.18 kB │ gzip:   1.19 kB
dist/islands/blog-section-list.js                     3.22 kB │ gzip:   1.27 kB
dist/chunks/app-dialog-container-DQHDcRyJ.js          3.48 kB │ gzip:   1.12 kB
dist/chunks/honeypot-field-COLVywRP.js                3.50 kB │ gzip:   1.19 kB
dist/islands/legal-layout.js                          3.62 kB │ gzip:   1.59 kB
dist/chunks/dialog-DltO3xXf.js                        3.73 kB │ gzip:   1.25 kB
dist/chunks/sonner-3mFbTlws.js                        3.78 kB │ gzip:   1.63 kB
dist/islands/relocation-hero.js                       3.79 kB │ gzip:   1.33 kB
dist/islands/insurance-features.js                    3.94 kB │ gzip:   1.26 kB
dist/islands/blog-articles.js                         3.97 kB │ gzip:   1.27 kB
dist/islands/insurance-carousel.js                    4.11 kB │ gzip:   1.38 kB
dist/islands/subscribe.js                             4.25 kB │ gzip:   1.57 kB
dist/chunks/legal-insurance-form-BNG3bc8y.js          4.33 kB │ gzip:   1.28 kB
dist/chunks/logo-BvLrOv6X.js                          5.37 kB │ gzip:   2.47 kB
dist/chunks/index-CXADq9Rm.js                         5.59 kB │ gzip:   1.99 kB
dist/islands/insurance-simple-steps.js                5.82 kB │ gzip:   2.11 kB
dist/islands/insurance-table.js                       5.85 kB │ gzip:   1.47 kB
dist/islands/insurance-hero.js                        5.87 kB │ gzip:   1.73 kB
dist/islands/coverage.js                              6.17 kB │ gzip:   1.87 kB
dist/chunks/checkbox-DMTfMJ_O.js                      6.61 kB │ gzip:   2.30 kB
dist/chunks/pet-insurance-form-uGdVVt5U.js            6.91 kB │ gzip:   1.70 kB
dist/islands/blog-list.js                             7.01 kB │ gzip:   2.62 kB
dist/chunks/liability-insurance-form-CalZYS2_.js      7.48 kB │ gzip:   1.72 kB
dist/chunks/form-dialog-layout-CkuW8BPG.js            7.66 kB │ gzip:   2.57 kB
dist/islands/material-insurance-form.js               8.07 kB │ gzip:   2.09 kB
dist/chunks/relocation-form-C5bVyfZx.js               8.08 kB │ gzip:   1.74 kB
dist/islands/blog-tabs.js                             8.28 kB │ gzip:   2.68 kB
dist/islands/pension-insurance-form.js                8.30 kB │ gzip:   2.02 kB
dist/chunks/radio-group-Cf8dVnk9.js                   8.46 kB │ gzip:   2.75 kB
dist/islands/contact-us-hero.js                       8.72 kB │ gzip:   2.62 kB
dist/islands/hero.js                                  8.76 kB │ gzip:   2.62 kB
dist/chunks/index-BjVpMSuq.js                         8.86 kB │ gzip:   3.00 kB
dist/chunks/referral-signup-form-BQf5bU6i.js          9.39 kB │ gzip:   2.51 kB
dist/chunks/pension-form-Dei8Pvwz.js                  9.41 kB │ gzip:   2.26 kB
dist/chunks/booking-form-BAumK5W8.js                  9.90 kB │ gzip:   2.80 kB
dist/chunks/visa-freelancer-form-B-9oOk1T.js         10.07 kB │ gzip:   2.37 kB
dist/chunks/bav-form-GcuzJ-fP.js                     10.18 kB │ gzip:   2.32 kB
dist/chunks/basis-rente-form-DntBrN06.js             10.33 kB │ gzip:   2.32 kB
dist/chunks/hubspot-uJ3XLVxT.js                      11.53 kB │ gzip:   3.39 kB
dist/chunks/input-CBufhq1q.js                        13.07 kB │ gzip:   4.62 kB
dist/chunks/health-form-m4iwlDYx.js                  13.13 kB │ gzip:   3.03 kB
dist/chunks/accordion-paKU3wU0.js                    13.51 kB │ gzip:   3.73 kB
dist/chunks/term-life-insurance-form-D99NMq-B.js     14.62 kB │ gzip:   2.30 kB
dist/chunks/success-state-DPSEFscD.js                15.87 kB │ gzip:   5.56 kB
dist/chunks/card-CCEiWwML.js                         15.99 kB │ gzip:   4.72 kB
dist/chunks/vehicle-insurance-form-C91yMtVD.js       18.04 kB │ gzip:   2.63 kB
dist/islands/testimonials.js                         28.93 kB │ gzip:  10.06 kB
dist/chunks/index-MwWale8Z.js                        29.71 kB │ gzip:   9.18 kB
dist/chunks/carousel-8qmxX6jz.js                     33.73 kB │ gzip:  10.76 kB
dist/chunks/select-CFPYed_9.js                       34.22 kB │ gzip:   9.65 kB
dist/islands/error-404.js                            34.86 kB │ gzip:  14.61 kB
dist/chunks/index-B6sSWi7l.js                        41.30 kB │ gzip:  10.60 kB
dist/chunks/index-CzsDLzI6.js                        48.13 kB │ gzip:  14.66 kB
dist/islands/header.js                               49.63 kB │ gzip:  11.50 kB
dist/islands/blog-post-subscribe.js                  56.78 kB │ gzip:  20.78 kB
dist/chunks/zod-NrQLEI65.js                          60.55 kB │ gzip:  17.71 kB
dist/islands/error-500.js                            63.49 kB │ gzip:  22.43 kB
dist/islands/contact-us.js                           70.95 kB │ gzip:  29.30 kB
dist/chunks/utils-CRiPKpXj.js                        72.76 kB │ gzip:  12.64 kB
dist/chunks/instant-call-dialog-dq8DENhm.js          77.63 kB │ gzip:  28.08 kB
dist/chunks/schemas-Cyl77MYv.js                     120.58 kB │ gzip:  26.60 kB
dist/islands/footer.js                              219.47 kB │ gzip: 160.63 kB
dist/chunks/booking-advisor-card-DWKNUtB-.js        247.64 kB │ gzip: 185.88 kB
dist/islands/health-insurance-form.js               274.12 kB │ gzip:  59.75 kB
dist/chunks/hubspot-island-entry-0VaAzkJF.js        404.93 kB │ gzip: 136.17 kB
dist/chunks/scroll-area-C6icj8EK.js                 659.42 kB │ gzip: 139.77 kB
✓ built in 3.42s
✅ Build Complete! Files created: index.js, hubspot.js, index.css
✅ @ui-react build completed

📋 Copying required files to assets...
✅ Successfully copied required files to assets folder
📁 Assets location: /tmp/sta2175-rev6/packages/hubspot/src/theme/stay/assets/ui

🎉 All done!
RESULT build-ui=PASS

===== 6 generate-profile:dev =====

> @stayinsured/hubspot@0.0.0 generate-profile:dev /tmp/sta2175-rev6/packages/hubspot
> node scripts/generate-hs-profiles.mjs dev

Wrote Intercom snippet into /tmp/sta2175-rev6/packages/hubspot/src/theme/stay/templates/layouts/base.hubl.html
Wrote Intercom snippet into /tmp/sta2175-rev6/packages/hubspot/src/theme/stay/templates/layouts/no-footer.hubl.html
Wrote Sentry Replay snippet into /tmp/sta2175-rev6/packages/hubspot/src/theme/stay/templates/layouts/base.hubl.html
Wrote Sentry Replay snippet into /tmp/sta2175-rev6/packages/hubspot/src/theme/stay/templates/layouts/no-footer.hubl.html
file:///tmp/sta2175-rev6/packages/hubspot/scripts/generate-hs-profiles.mjs:19
    throw new Error(`Missing required env var: ${name}`);
          ^

Error: Missing required env var: HUBSPOT_DEV_ACCOUNT_ID
    at getEnv (file:///tmp/sta2175-rev6/packages/hubspot/scripts/generate-hs-profiles.mjs:19:11)
    at buildProfile (file:///tmp/sta2175-rev6/packages/hubspot/scripts/generate-hs-profiles.mjs:94:34)
    at writeProfile (file:///tmp/sta2175-rev6/packages/hubspot/scripts/generate-hs-profiles.mjs:125:16)
    at file:///tmp/sta2175-rev6/packages/hubspot/scripts/generate-hs-profiles.mjs:332:3
    at ModuleJob.run (node:internal/modules/esm/module_job:439:25)
    at async node:internal/modules/esm/loader:643:26
    at async asyncRunEntryPointWithESMLoader (node:internal/modules/run_main:101:5)

Node.js v24.19.0
/tmp/sta2175-rev6/packages/hubspot:
 ERR_PNPM_RECURSIVE_RUN_FIRST_FAIL  @stayinsured/hubspot@0.0.0 generate-profile:dev: `node scripts/generate-hs-profiles.mjs dev`
Exit status 1
RESULT profile=FAIL

===== 6 generate-profile:dev (retry with candidate-recorded dev profile env) =====

> @stayinsured/hubspot@0.0.0 generate-profile:dev /tmp/sta2175-rev6/packages/hubspot
> node scripts/generate-hs-profiles.mjs dev

Wrote Intercom snippet into /tmp/sta2175-rev6/packages/hubspot/src/theme/stay/templates/layouts/base.hubl.html
Wrote Intercom snippet into /tmp/sta2175-rev6/packages/hubspot/src/theme/stay/templates/layouts/no-footer.hubl.html
Wrote Sentry Replay snippet into /tmp/sta2175-rev6/packages/hubspot/src/theme/stay/templates/layouts/base.hubl.html
Wrote Sentry Replay snippet into /tmp/sta2175-rev6/packages/hubspot/src/theme/stay/templates/layouts/no-footer.hubl.html
Wrote /tmp/sta2175-rev6/packages/hubspot/src/hsprofile.dev.json
Wrote /tmp/sta2175-rev6/packages/hubspot/src/app/app-hsmeta.json for dev
Wrote /tmp/sta2175-rev6/packages/hubspot/src/app/cards/referral-program-card-hsmeta.json for dev
Wrote /tmp/sta2175-rev6/packages/hubspot/src/app/cards/referral-program-config.js
Wrote /tmp/sta2175-rev6/packages/hubspot/src/app/release-manifest.json for dev
RESULT profile=PASS

===== 7 marker resolution =====
packages/hubspot/src/app/cards/referral-program-config.js:4:export const SENTRY_RELEASE = "hubspot-dev-2e83d8560e186e2f274d7abc1937bb506e5cbff8";
packages/hubspot/src/app/release-manifest.json:7:  "release": "hubspot-dev-2e83d8560e186e2f274d7abc1937bb506e5cbff8",
packages/hubspot/src/app/release-manifest.json:8:  "releaseId": "2e83d8560e186e2f274d7abc1937bb506e5cbff8",
packages/hubspot/src/theme/stay/templates/layouts/base.hubl.html:101:            "hubspot-dev-2e83d8560e186e2f274d7abc1937bb506e5cbff8"
packages/hubspot/src/theme/stay/templates/layouts/no-footer.hubl.html:29:            "hubspot-dev-2e83d8560e186e2f274d7abc1937bb506e5cbff8"
RESULT marker-check=done

===== DONE =====
